// Jest Snapshot v1, https://goo.gl/fbAQLP

exports[`Grand Exchange getExchangeStats should make a GET request 1`] = `
{
  "method": "GET",
  "params": {
    "item": 4151,
  },
  "url": "http://services.runescape.com/m=itemdb_oldschool/api/catalogue/detail.json",
}
`;

exports[`Grand Exchange getExchangeStats should make a request with the passed in itemId 1`] = `
{
  "method": "GET",
  "params": {
    "item": 4151,
  },
  "url": "http://services.runescape.com/m=itemdb_oldschool/api/catalogue/detail.json",
}
`;

exports[`Grand Exchange getExchangeTrendGraph should make a GET request 1`] = `
{
  "method": "GET",
  "url": "http://services.runescape.com/m=itemdb_oldschool/api/graph/4151.json",
}
`;

exports[`Grand Exchange getExchangeTrendGraph should make a request with the passed in itemId 1`] = `
{
  "method": "GET",
  "url": "http://services.runescape.com/m=itemdb_oldschool/api/graph/4151.json",
}
`;
